[killtowndeathfest.com/index.html]
[backblue.gif]
[fade.gif]
[index.html]
[killtowndeathfest.com/index.html]
[killtowndeathfest.com/teaser/css/normalize.min.css]
[killtowndeathfest.com/teaser/css/main.css]
[killtowndeathfest.com/teaser/css/ktdf.css]
[killtowndeathfest.com/news/index.html]
[killtowndeathfest.com/news/index.html]
[killtowndeathfest.com/teaser/img/bg-low.jpg]
[killtowndeathfest.com/comments/feed/index.html]
[killtowndeathfest.com/feed/index.html]
[killtowndeathfest.com/wp-json/index.html]
[killtowndeathfest.com/wp-includes/wlwmanifest.xml]
[killtowndeathfest.com/xmlrpc0db0.php]
[killtowndeathfest.com/indexc121.html]
[killtowndeathfest.com/wp-content/themes/ktdf-theme/style.css]
[killtowndeathfest.com/xmlrpc.php]
[killtowndeathfest.com/program/index.html]
[killtowndeathfest.com/practical-info/index.html]
[killtowndeathfest.com/wp-content/themes/ktdf-theme/foxhound/css/social-iconsd87f.css]
[killtowndeathfest.com/virus-bio/index.html]
[killtowndeathfest.com/wp-content/themes/ktdf-theme/css/greend87f.css]
[killtowndeathfest.com/bands/index.html]
[killtowndeathfest.com/heavy-thunder-metal-market/index.html]
[killtowndeathfest.com/wp-content/plugins/social-sharing-toolkit/style_2.1.2d87f.css]
[killtowndeathfest.com/about/index.html]
[killtowndeathfest.com/partners/index.html]
[killtowndeathfest.com/past/index.html]
[killtowndeathfest.com/contact/index.html]
[killtowndeathfest.com/author/ktdf2018/index.html]
[killtowndeathfest.com/2019/07/25/631/index.html]
[killtowndeathfest.com/category/news/index.html]
[killtowndeathfest.com/2019/02/20/final-announcement-the-ktdf-vii-the-decompomorphosis-line-up-poster/index.html]
[killtowndeathfest.com/wp-content/themes/ktdf-theme/css/gigpress.css]
[killtowndeathfest.com/2019/02/20/announcement-40-grave-swe-performing-an-old-school-set-of-demo-tracks-and-songs-from-into-the-grave-thursday-5th-september/index.html]
[killtowndeathfest.com/2019/02/18/announcement-39-the-mighty-funebrarum-us-returns-to-ktdf/index.html]
[killtowndeathfest.com/2019/02/16/anouncement-37-first-show-since-2014-for-swedens-necrovation/index.html]
[killtowndeathfest.com/2019/02/17/announcement-38-european-mainland-exclusive-one-off-for-mitochondrion-can/index.html]
[killtowndeathfest.com/program/index.html]
[killtowndeathfest.com/2019/02/15/announcement-36-one-off-exclusive-european-show-for-anatomia/index.html]
[killtowndeathfest.com/2019/02/14/announcement-35-assumption-it/index.html]
[killtowndeathfest.com/practical-info/index.html]
[killtowndeathfest.com/2019/02/13/announcement-34-presenting-the-first-ever-european-performance-of-black-curse-us/index.html]
[killtowndeathfest.com/2019/02/12/announcement-33-presenting-the-very-first-and-exclusive-one-off-european-performance-of-funeral-moth-jp-as-part-of-gloomy-sunday/index.html]
[killtowndeathfest.com/bands/index.html]
[killtowndeathfest.com/news/page/2/index.html]
[killtowndeathfest.com/2019/07/index.html]
[killtowndeathfest.com/virus-bio/index.html]
[killtowndeathfest.com/2019/02/index.html]
[killtowndeathfest.com/2019/01/index.html]
[killtowndeathfest.com/heavy-thunder-metal-market/index.html]
[killtowndeathfest.com/2018/09/index.html]
[killtowndeathfest.com/2018/08/index.html]
[killtowndeathfest.com/about/index.html]
[killtowndeathfest.com/partners/index.html]
[killtowndeathfest.com/2018/07/index.html]
[killtowndeathfest.com/2018/02/index.html]
[killtowndeathfest.com/past/index.html]
[killtowndeathfest.com/2018/01/index.html]
[killtowndeathfest.com/wp-content/plugins/social-sharing-toolkit/script_2.1.2d87f.js]
[killtowndeathfest.com/wp-includes/js/wp-embed.mind87f.js]
[killtowndeathfest.com/contact/index.html]
[killtowndeathfest.com/2019/07/25/631/index.html]
[killtowndeathfest.com/wp-content/themes/ktdf-theme/images/dropdown.jpg]
[killtowndeathfest.com/wp-content/themes/ktdf-theme/images/slider-bar-bg.jpg]
[killtowndeathfest.com/wp-content/themes/ktdf-theme/images/icons.png]
[killtowndeathfest.com/wp-content/themes/ktdf-theme/images/slider-buttons.png]
[killtowndeathfest.com/author/ktdf2018/index.html]
[killtowndeathfest.com/wp-content/themes/ktdf-theme/images/footer.jpg]
[killtowndeathfest.com/wp-content/themes/ktdf-theme/images/background-green.jpg]
[killtowndeathfest.com/wp-content/themes/ktdf-theme/images/share-this.png]
[killtowndeathfest.com/category/news/index.html]
[killtowndeathfest.com/wp-content/themes/ktdf-theme/images/menu-green.png]
[killtowndeathfest.com/wp-content/themes/ktdf-theme/images/bg-2.gif]
[killtowndeathfest.com/wp-content/themes/ktdf-theme/images/arrows-green.png]
[killtowndeathfest.com/wp-content/themes/ktdf-theme/images/comment-arrow-green.png]
[killtowndeathfest.com/2019/02/20/final-announcement-the-ktdf-vii-the-decompomorphosis-line-up-poster/index.html]
[killtowndeathfest.com/wp-content/themes/ktdf-theme/images/footer-green.jpg]
[killtowndeathfest.com/2019/02/20/announcement-40-grave-swe-performing-an-old-school-set-of-demo-tracks-and-songs-from-into-the-grave-thursday-5th-september/index.html]
[killtowndeathfest.com/wp-json/oembed/1.0/embed9ff8.json]
[killtowndeathfest.com/2019/02/18/announcement-39-the-mighty-funebrarum-us-returns-to-ktdf/index.html]
[killtowndeathfest.com/wp-json/oembed/1.0/embed9adb.json]
[killtowndeathfest.com/wp-json/oembed/1.0/embed16e2.json]
[killtowndeathfest.com/2019/02/17/announcement-38-european-mainland-exclusive-one-off-for-mitochondrion-can/index.html]
[killtowndeathfest.com/wp-json/oembed/1.0/embed3bd6]
[killtowndeathfest.com/wp-json/oembed/1.0/embed7502]
[killtowndeathfest.com/2019/02/16/anouncement-37-first-show-since-2014-for-swedens-necrovation/index.html]
[killtowndeathfest.com/wp-json/oembed/1.0/embeda88a.json]
[killtowndeathfest.com/wp-json/oembed/1.0/embed5c09.json]
[killtowndeathfest.com/2019/02/15/announcement-36-one-off-exclusive-european-show-for-anatomia/index.html]
[killtowndeathfest.com/wp-json/oembed/1.0/embed425c]
[killtowndeathfest.com/wp-json/oembed/1.0/embedc824.json]
[killtowndeathfest.com/2019/02/14/announcement-35-assumption-it/index.html]
[killtowndeathfest.com/wp-json/oembed/1.0/embedbdbc]
[killtowndeathfest.com/wp-json/oembed/1.0/embedf5b8]
[killtowndeathfest.com/2019/02/13/announcement-34-presenting-the-first-ever-european-performance-of-black-curse-us/index.html]
[killtowndeathfest.com/wp-json/oembed/1.0/embedd7c4.json]
[killtowndeathfest.com/wp-json/oembed/1.0/embed5554.json]
[killtowndeathfest.com/2019/02/12/announcement-33-presenting-the-very-first-and-exclusive-one-off-european-performance-of-funeral-moth-jp-as-part-of-gloomy-sunday/index.html]
[killtowndeathfest.com/wp-json/oembed/1.0/embed1d91]
[killtowndeathfest.com/wp-json/oembed/1.0/embeda573.json]
[killtowndeathfest.com/news/page/2/index.html]
[killtowndeathfest.com/wp-json/oembed/1.0/embed29e9]
[killtowndeathfest.com/2019/07/index.html]
[killtowndeathfest.com/2019/07/25/631/feed/index.html]
[killtowndeathfest.com/wp-json/oembed/1.0/embed4359]
[killtowndeathfest.com/wp-json/oembed/1.0/embed89ba]
[killtowndeathfest.com/2019/02/index.html]
[killtowndeathfest.com/wp-json/oembed/1.0/embed775c.json]
[killtowndeathfest.com/wp-includes/js/comment-reply.mind87f.js]
[killtowndeathfest.com/2019/01/index.html]
[killtowndeathfest.com/author/ktdf2018/feed/index.html]
[killtowndeathfest.com/2018/09/index.html]
[killtowndeathfest.com/author/ktdf2018/page/2/index.html]
[killtowndeathfest.com/category/news/page/2/index.html]
[killtowndeathfest.com/2018/08/index.html]
[killtowndeathfest.com/category/news/feed/index.html]
[killtowndeathfest.com/2019/02/20/final-announcement-the-ktdf-vii-the-decompomorphosis-line-up-poster/feed/index.html]
[killtowndeathfest.com/2018/07/index.html]
[killtowndeathfest.com/wp-json/oembed/1.0/embedcfec.json]
[killtowndeathfest.com/2018/02/index.html]
[killtowndeathfest.com/2019/02/20/announcement-40-grave-swe-performing-an-old-school-set-of-demo-tracks-and-songs-from-into-the-grave-thursday-5th-september/feed/index.html]
[killtowndeathfest.com/wp-json/oembed/1.0/embed8053]
[killtowndeathfest.com/2018/01/index.html]
[killtowndeathfest.com/wp-json/oembed/1.0/embedb7e5.json]
[killtowndeathfest.com/wp-json/oembed/1.0/embeda8cb]
[killtowndeathfest.com/wp-content/plugins/gigpress/css/gigpressd87f.css]
[killtowndeathfest.com/2019/02/18/announcement-39-the-mighty-funebrarum-us-returns-to-ktdf/feed/index.html]
[killtowndeathfest.com/wp-json/oembed/1.0/embeded16.json]
[killtowndeathfest.com/wp-json/oembed/1.0/embed70da]
[killtowndeathfest.com/2019/02/17/announcement-38-european-mainland-exclusive-one-off-for-mitochondrion-can/feed/index.html]
[killtowndeathfest.com/wp-json/oembed/1.0/embedb0fe.json]
[killtowndeathfest.com/2019/02/16/anouncement-37-first-show-since-2014-for-swedens-necrovation/feed/index.html]
[killtowndeathfest.com/wp-json/oembed/1.0/embed7c1f]
[killtowndeathfest.com/wp-json/oembed/1.0/embed5e28]
[killtowndeathfest.com/wp-json/oembed/1.0/embed457c.json]
[killtowndeathfest.com/wp-content/themes/ktdf-theme/fonts/bebas-webfont.svg]
[killtowndeathfest.com/wp-json/oembed/1.0/embede35b.json]
[killtowndeathfest.com/2019/02/15/announcement-36-one-off-exclusive-european-show-for-anatomia/feed/index.html]
[killtowndeathfest.com/wp-json/oembed/1.0/embed5ecf]
[killtowndeathfest.com/2019/02/14/announcement-35-assumption-it/feed/index.html]
[killtowndeathfest.com/wp-json/oembed/1.0/embed49c5.json]
[killtowndeathfest.com/2019/02/13/announcement-34-presenting-the-first-ever-european-performance-of-black-curse-us/feed/index.html]
[killtowndeathfest.com/wp-json/oembed/1.0/embed2750]
[killtowndeathfest.com/wp-json/oembed/1.0/embedb5f8]
[killtowndeathfest.com/index8844.html]
[killtowndeathfest.com/wp-json/oembed/1.0/embeda1f9.json]
[killtowndeathfest.com/2019/02/11/announcement-32-first-ever-performance-and-official-live-recording-of-abysmal-dimensions-us/index.html]
[killtowndeathfest.com/2019/02/12/announcement-33-presenting-the-very-first-and-exclusive-one-off-european-performance-of-funeral-moth-jp-as-part-of-gloomy-sunday/feed/index.html]
[killtowndeathfest.com/wp-json/oembed/1.0/embed21d9]
[killtowndeathfest.com/index678b.html]
[killtowndeathfest.com/wp-json/oembed/1.0/embed9774.json]
[killtowndeathfest.com/index0735.html]
[killtowndeathfest.com/2019/02/09/announcement-30-lucifericon-nl-to-play-kdf-vii/index.html]
[killtowndeathfest.com/2019/02/10/announcement-31-first-ever-european-performance-of-phobocosm-can/index.html]
[killtowndeathfest.com/2019/02/07/announcement-28-israels-har-to-play-byhaven-stage/index.html]
[killtowndeathfest.com/index834e.html]
[killtowndeathfest.com/2019/02/06/announcement-27-ghastly-fin/index.html]
[killtowndeathfest.com/index17f1.html]
[killtowndeathfest.com/2019/02/05/announcement-26-chaotian-dk-to-play-byhaven-stage-during-ktdf/index.html]
[killtowndeathfest.com/2019/02/04/announcement-25-first-ever-and-exclusive-one-off-european-performance-of-chtheilist-can/index.html]
[killtowndeathfest.com/2019/02/02/announcement-24-ra-al-dee-experience-to-play-gloomy-sunday/index.html]
[killtowndeathfest.com/index64b4.html]
[killtowndeathfest.com/2019/02/01/announcement-23-accoustic-warm-uo-to-gloomy-sunday-with-the-dead-creed-gr/index.html]
[killtowndeathfest.com/index0b69.html]
[killtowndeathfest.com/news/page/3/index.html]
[killtowndeathfest.com/2019/02/page/2/index.html]
[killtowndeathfest.com/index0e62.html]
[killtowndeathfest.com/2019/01/31/announcement-22-dead-void-dk-returning-to-ktdf/index.html]
[killtowndeathfest.com/2019/01/30/announcement-21-very-first-european-bombardement-for-superstition-us/index.html]
[killtowndeathfest.com/index9cd7.html]
[killtowndeathfest.com/2019/01/29/announcement-20-first-ever-european-performance-of-druid-lord-us/index.html]
[killtowndeathfest.com/2019/01/28/announcement-19-adversarial-can-one-off-exclusive-2019-euro-gig/index.html]
[killtowndeathfest.com/indexa123.html]
[killtowndeathfest.com/2019/01/26/announcement-17-profetus-debuting-the-sadness-of-time-passing-entirely-and-exclusively-at-ktdfs-gloomy-sunday/index.html]
[killtowndeathfest.com/2019/01/27/announcement-18-drowned-de-returning-to-ktdf/index.html]
[killtowndeathfest.com/2019/01/25/announcement-16-bastard-grave-swe/index.html]
[killtowndeathfest.com/2019/01/24/announcement-15-of-feather-and-bone-us/index.html]
[killtowndeathfest.com/author/ktdf2018/page/2/index.html]
[killtowndeathfest.com/2019/01/23/announcement-14-one-off-exclusive-first-ever-european-performance-and-reunion-of-the-legendary-transgressor-jp/index.html]
[killtowndeathfest.com/2019/01/22/announcement-13-ritual-necromancy-us-returns-to-ktdf-vii/index.html]
[killtowndeathfest.com/category/news/page/2/index.html]
[killtowndeathfest.com/2019/01/page/2/index.html]
[killtowndeathfest.com/indexab36.html]
[killtowndeathfest.com/2018/09/10/thank-you/index.html]
[killtowndeathfest.com/index44fb.html]
[killtowndeathfest.com/2018/09/07/day-1-fown-day-2-about-to-start/index.html]
[killtowndeathfest.com/index93f8.html]
[killtowndeathfest.com/2018/08/28/heavy-thunder-metal-market/index.html]
[killtowndeathfest.com/2018/09/05/mortem-cancellation/index.html]
[killtowndeathfest.com/2018/08/28/ktdf-presents-virus-cinema/index.html]
[killtowndeathfest.com/index0acd.html]
[killtowndeathfest.com/2018/08/27/ktdf-merch/index.html]
[killtowndeathfest.com/index2b8b.html]
[killtowndeathfest.com/2018/07/23/running-order-for-kill-town-death-fest-the-resurrection-6th-9th-sept-2018/index.html]
[killtowndeathfest.com/2018/08/23/321/index.html]
[killtowndeathfest.com/2018/02/14/line-up-poster-announcement/index.html]
[killtowndeathfest.com/indexbc2b.html]
[killtowndeathfest.com/2018/02/13/announcement-35-incantation-us/index.html]
[killtowndeathfest.com/index81db.html]
[killtowndeathfest.com/2018/02/12/announcement-34-necros-christos-de/index.html]
[killtowndeathfest.com/2018/02/11/announcement-33-mortem-peru-for-the-first-time-in-europe-since-2004/index.html]
[killtowndeathfest.com/2018/02/10/announcement-32-runemagicks-swe-first-show-since-2005/index.html]
[killtowndeathfest.com/index4c2b.html]
[killtowndeathfest.com/2018/02/09/announcement-31-first-european-show-ever-of-derketa-us/index.html]
[killtowndeathfest.com/2019/02/11/announcement-32-first-ever-performance-and-official-live-recording-of-abysmal-dimensions-us/index.html]
[killtowndeathfest.com/2018/02/08/announcement-29-undergang-dk/index.html]
[killtowndeathfest.com/2018/02/08/ktdf-vi-sold-out/index.html]
[killtowndeathfest.com/2018/02/07/announcement-29-first-euro-show-of-ascended-dead-us-ever/index.html]
[killtowndeathfest.com/index01e4.html]
[killtowndeathfest.com/2018/02/06/announcement-28-debut-show-of-hyperdontia-tr-dk/index.html]
[killtowndeathfest.com/2019/02/10/announcement-31-first-ever-european-performance-of-phobocosm-can/index.html]
[killtowndeathfest.com/2018/02/page/2/index.html]
[killtowndeathfest.com/2018/01/31/announcement-21-dead-void-uk-dk/index.html]
[killtowndeathfest.com/2018/01/30/announcement-21-cadaveric-incubator-fin/index.html]
[killtowndeathfest.com/2019/02/09/announcement-30-lucifericon-nl-to-play-kdf-vii/index.html]
[killtowndeathfest.com/2018/01/29/announcement-20-antiversum-ch/index.html]
[killtowndeathfest.com/2019/02/07/announcement-28-israels-har-to-play-byhaven-stage/index.html]
[killtowndeathfest.com/2018/01/28/announcement-19-scolex-us/index.html]
[killtowndeathfest.com/2018/01/27/announcement-18-galvanizer-fin/index.html]
[killtowndeathfest.com/2018/01/26/announcement-17-necrowretch-fr-returns-to-ktdf/index.html]
[killtowndeathfest.com/2019/02/06/announcement-27-ghastly-fin/index.html]
[killtowndeathfest.com/2018/01/25/annoncement-16-cemetery-urn-aus/index.html]
[killtowndeathfest.com/2019/02/05/announcement-26-chaotian-dk-to-play-byhaven-stage-during-ktdf/index.html]
[killtowndeathfest.com/2018/01/24/announcement-15-torture-rack-us/index.html]
[killtowndeathfest.com/2018/01/23/announcement-14-taphos/index.html]
[killtowndeathfest.com/2018/01/22/announcement-13-first-ever-european-live-performance-of-portlands-triumvir-foul/index.html]
[killtowndeathfest.com/2019/02/04/announcement-25-first-ever-and-exclusive-one-off-european-performance-of-chtheilist-can/index.html]
[killtowndeathfest.com/2019/02/02/announcement-24-ra-al-dee-experience-to-play-gloomy-sunday/index.html]
[killtowndeathfest.com/2018/01/page/2/index.html]
[killtowndeathfest.com/wp-content/plugins/gigpress/images/icalendar-icon.gif]
[killtowndeathfest.com/2019/02/01/announcement-23-accoustic-warm-uo-to-gloomy-sunday-with-the-dead-creed-gr/index.html]
[killtowndeathfest.com/category/news/page/3/index.html]
[killtowndeathfest.com/2019/01/31/announcement-22-dead-void-dk-returning-to-ktdf/index.html]
[killtowndeathfest.com/2019/02/11/announcement-32-first-ever-performance-and-official-live-recording-of-abysmal-dimensions-us/feed/index.html]
[killtowndeathfest.com/wp-json/oembed/1.0/embed2645]
[killtowndeathfest.com/news/page/3/index.html]
[killtowndeathfest.com/wp-json/oembed/1.0/embed4861.json]
[killtowndeathfest.com/2019/02/page/2/index.html]
[killtowndeathfest.com/2019/02/10/announcement-31-first-ever-european-performance-of-phobocosm-can/feed/index.html]
[killtowndeathfest.com/wp-json/oembed/1.0/embed6654.json]
[killtowndeathfest.com/author/ktdf2018/page/3/index.html]
[killtowndeathfest.com/2019/01/30/announcement-21-very-first-european-bombardement-for-superstition-us/index.html]
[killtowndeathfest.com/wp-json/oembed/1.0/embed36f4]
[killtowndeathfest.com/2019/01/29/announcement-20-first-ever-european-performance-of-druid-lord-us/index.html]
[killtowndeathfest.com/2019/02/09/announcement-30-lucifericon-nl-to-play-kdf-vii/feed/index.html]
[killtowndeathfest.com/wp-json/oembed/1.0/embed5f9f.json]
[killtowndeathfest.com/2019/01/28/announcement-19-adversarial-can-one-off-exclusive-2019-euro-gig/index.html]
[killtowndeathfest.com/wp-json/oembed/1.0/embed19f8]
[killtowndeathfest.com/2019/02/07/announcement-28-israels-har-to-play-byhaven-stage/feed/index.html]
[killtowndeathfest.com/2019/01/27/announcement-18-drowned-de-returning-to-ktdf/index.html]
[killtowndeathfest.com/wp-json/oembed/1.0/embed59d2.json]
[killtowndeathfest.com/2019/01/26/announcement-17-profetus-debuting-the-sadness-of-time-passing-entirely-and-exclusively-at-ktdfs-gloomy-sunday/index.html]
[killtowndeathfest.com/2019/02/06/announcement-27-ghastly-fin/feed/index.html]
[killtowndeathfest.com/wp-json/oembed/1.0/embed4cc0]
[killtowndeathfest.com/wp-json/oembed/1.0/embed8553.json]
[killtowndeathfest.com/2019/01/25/announcement-16-bastard-grave-swe/index.html]
[killtowndeathfest.com/wp-json/oembed/1.0/embed6e71]
[killtowndeathfest.com/2019/01/24/announcement-15-of-feather-and-bone-us/index.html]
[killtowndeathfest.com/wp-json/oembed/1.0/embed712c.json]
[killtowndeathfest.com/2019/02/05/announcement-26-chaotian-dk-to-play-byhaven-stage-during-ktdf/feed/index.html]
[killtowndeathfest.com/wp-json/oembed/1.0/embedb39c]
[killtowndeathfest.com/2019/01/23/announcement-14-one-off-exclusive-first-ever-european-performance-and-reunion-of-the-legendary-transgressor-jp/index.html]
[killtowndeathfest.com/2019/02/04/announcement-25-first-ever-and-exclusive-one-off-european-performance-of-chtheilist-can/feed/index.html]
[killtowndeathfest.com/wp-json/oembed/1.0/embeddb01.json]
[killtowndeathfest.com/2019/01/22/announcement-13-ritual-necromancy-us-returns-to-ktdf-vii/index.html]
[killtowndeathfest.com/wp-json/oembed/1.0/embed0cc6]
[killtowndeathfest.com/2019/02/02/announcement-24-ra-al-dee-experience-to-play-gloomy-sunday/feed/index.html]
[killtowndeathfest.com/2019/01/page/2/index.html]
[killtowndeathfest.com/wp-json/oembed/1.0/embed91d8.json]
[killtowndeathfest.com/2018/09/10/thank-you/index.html]
[killtowndeathfest.com/2019/02/01/announcement-23-accoustic-warm-uo-to-gloomy-sunday-with-the-dead-creed-gr/feed/index.html]
[killtowndeathfest.com/wp-json/oembed/1.0/embed8afd]
[killtowndeathfest.com/wp-json/oembed/1.0/embeda121.json]
[killtowndeathfest.com/2018/09/07/day-1-fown-day-2-about-to-start/index.html]
[killtowndeathfest.com/wp-json/oembed/1.0/embeda785]
[killtowndeathfest.com/2018/09/05/mortem-cancellation/index.html]
[killtowndeathfest.com/wp-json/oembed/1.0/embeddd69.json]
[killtowndeathfest.com/2019/01/31/announcement-22-dead-void-dk-returning-to-ktdf/feed/index.html]
[killtowndeathfest.com/2018/08/28/heavy-thunder-metal-market/index.html]
[killtowndeathfest.com/wp-json/oembed/1.0/embed71e2]
[killtowndeathfest.com/2019/01/21/announcement-12-malthusian-irl/index.html]
[killtowndeathfest.com/2018/08/28/ktdf-presents-virus-cinema/index.html]
[killtowndeathfest.com/2019/01/30/announcement-21-very-first-european-bombardement-for-superstition-us/feed/index.html]
[killtowndeathfest.com/news/page/4/index.html]
[killtowndeathfest.com/2018/08/27/ktdf-merch/index.html]
[killtowndeathfest.com/wp-json/oembed/1.0/embedb67d.json]
[killtowndeathfest.com/2018/08/23/321/index.html]
[killtowndeathfest.com/2019/01/29/announcement-20-first-ever-european-performance-of-druid-lord-us/feed/index.html]
[killtowndeathfest.com/wp-json/oembed/1.0/embed5d54]
[killtowndeathfest.com/wp-json/oembed/1.0/embed3842.json]
[killtowndeathfest.com/2018/07/23/running-order-for-kill-town-death-fest-the-resurrection-6th-9th-sept-2018/index.html]
[killtowndeathfest.com/wp-json/oembed/1.0/embed809a]
[killtowndeathfest.com/2018/02/14/line-up-poster-announcement/index.html]
[killtowndeathfest.com/wp-json/oembed/1.0/embeddf9b.json]
[killtowndeathfest.com/2019/01/28/announcement-19-adversarial-can-one-off-exclusive-2019-euro-gig/feed/index.html]
[killtowndeathfest.com/2018/02/13/announcement-35-incantation-us/index.html]
[killtowndeathfest.com/wp-json/oembed/1.0/embed6ea0]
[killtowndeathfest.com/2019/01/27/announcement-18-drowned-de-returning-to-ktdf/feed/index.html]
[killtowndeathfest.com/2018/02/12/announcement-34-necros-christos-de/index.html]
[killtowndeathfest.com/wp-json/oembed/1.0/embed35da.json]
[killtowndeathfest.com/2018/02/11/announcement-33-mortem-peru-for-the-first-time-in-europe-since-2004/index.html]
[killtowndeathfest.com/2019/01/26/announcement-17-profetus-debuting-the-sadness-of-time-passing-entirely-and-exclusively-at-ktdfs-gloomy-sunday/feed/index.html]
[killtowndeathfest.com/wp-json/oembed/1.0/embed459d]
[killtowndeathfest.com/wp-json/oembed/1.0/embedd7a1]
[killtowndeathfest.com/2018/02/10/announcement-32-runemagicks-swe-first-show-since-2005/index.html]
[killtowndeathfest.com/wp-json/oembed/1.0/embeda14d.json]
[killtowndeathfest.com/wp-json/oembed/1.0/embed25b6.json]
[killtowndeathfest.com/2019/01/25/announcement-16-bastard-grave-swe/feed/index.html]
[killtowndeathfest.com/2018/02/09/announcement-31-first-european-show-ever-of-derketa-us/index.html]
[killtowndeathfest.com/wp-json/oembed/1.0/embed6518.json]
[killtowndeathfest.com/2018/02/08/announcement-29-undergang-dk/index.html]
[killtowndeathfest.com/wp-json/oembed/1.0/embed7df8]
[killtowndeathfest.com/2019/01/24/announcement-15-of-feather-and-bone-us/feed/index.html]
[killtowndeathfest.com/2018/02/08/ktdf-vi-sold-out/index.html]
[killtowndeathfest.com/2019/01/23/announcement-14-one-off-exclusive-first-ever-european-performance-and-reunion-of-the-legendary-transgressor-jp/feed/index.html]
[killtowndeathfest.com/wp-json/oembed/1.0/embedc886]
[killtowndeathfest.com/2018/02/07/announcement-29-first-euro-show-of-ascended-dead-us-ever/index.html]
[killtowndeathfest.com/wp-json/oembed/1.0/embedbf52.json]
[killtowndeathfest.com/2018/02/06/announcement-28-debut-show-of-hyperdontia-tr-dk/index.html]
[killtowndeathfest.com/wp-json/oembed/1.0/embed1a7b]
[killtowndeathfest.com/2019/01/22/announcement-13-ritual-necromancy-us-returns-to-ktdf-vii/feed/index.html]
[killtowndeathfest.com/wp-json/oembed/1.0/embed5590]
[killtowndeathfest.com/2018/02/page/2/index.html]
[killtowndeathfest.com/wp-json/oembed/1.0/embed76ba.json]
[killtowndeathfest.com/2018/01/31/announcement-21-dead-void-uk-dk/index.html]
[killtowndeathfest.com/2019/01/19/announcement-10-first-european-performance-ever-for-suffering-hour-us/index.html]
[killtowndeathfest.com/2019/01/18/announcement-9-corpsessed-fin-to-play-ktdf-2019/index.html]
[killtowndeathfest.com/2019/01/20/announcement-11-first-live-performance-outside-israel-for-kever-il/index.html]
[killtowndeathfest.com/2018/01/30/announcement-21-cadaveric-incubator-fin/index.html]
[killtowndeathfest.com/2019/01/17/announcement-8-one-off-exclusive-euro-performance-by-mortuous-us/index.html]
[killtowndeathfest.com/2018/01/29/announcement-20-antiversum-ch/index.html]
[killtowndeathfest.com/2019/01/16/announcement-7-ignivomous-aus/index.html]
[killtowndeathfest.com/2019/01/15/announcement-6-coffins-jp-to-headline-gloomy-sunday/index.html]
[killtowndeathfest.com/2019/01/14/announcement-5-exclusive-euro-performance-for-antediluvian-can/index.html]
[killtowndeathfest.com/2018/01/28/announcement-19-scolex-us/index.html]
[killtowndeathfest.com/2019/01/13/announcement-4-obliteration/index.html]
[killtowndeathfest.com/2018/01/27/announcement-18-galvanizer-fin/index.html]
[killtowndeathfest.com/2019/01/page/3/index.html]
[killtowndeathfest.com/2019/01/12/announcement-3-one-off-exclusive-european-performance-for-vastum/index.html]
[killtowndeathfest.com/2018/09/10/thank-you/feed/index.html]
[killtowndeathfest.com/2018/01/26/announcement-17-necrowretch-fr-returns-to-ktdf/index.html]
[killtowndeathfest.com/2019/01/09/welcome-to-the-updated-kill-town-death-fest-2019-website/index.html]
[killtowndeathfest.com/wp-json/oembed/1.0/embed5f04.json]
[killtowndeathfest.com/2018/01/25/annoncement-16-cemetery-urn-aus/index.html]
[killtowndeathfest.com/wp-json/oembed/1.0/embed36e4]
[killtowndeathfest.com/2018/01/24/announcement-15-torture-rack-us/index.html]
[killtowndeathfest.com/2018/09/07/day-1-fown-day-2-about-to-start/feed/index.html]
[killtowndeathfest.com/wp-json/oembed/1.0/embedbd41.json]
[killtowndeathfest.com/2018/01/23/announcement-14-taphos/index.html]
[killtowndeathfest.com/wp-json/oembed/1.0/embed7637]
[killtowndeathfest.com/2018/09/05/mortem-cancellation/feed/index.html]
[killtowndeathfest.com/2018/01/22/announcement-13-first-ever-european-live-performance-of-portlands-triumvir-foul/index.html]
[killtowndeathfest.com/wp-json/oembed/1.0/embedf873.json]
[killtowndeathfest.com/2018/01/page/2/index.html]
[killtowndeathfest.com/2018/08/28/heavy-thunder-metal-market/feed/index.html]
[killtowndeathfest.com/wp-json/oembed/1.0/embedb6cc]
[killtowndeathfest.com/wp-json/oembed/1.0/embed6a8c.json]
[killtowndeathfest.com/2018/08/28/ktdf-presents-virus-cinema/feed/index.html]
[killtowndeathfest.com/wp-json/oembed/1.0/embed4293]
[killtowndeathfest.com/wp-json/oembed/1.0/embed527f]
[killtowndeathfest.com/wp-json/oembed/1.0/embedd015.json]
[killtowndeathfest.com/author/ktdf2018/page/3/index.html]
[killtowndeathfest.com/wp-json/oembed/1.0/embed564e.json]
[killtowndeathfest.com/2018/08/27/ktdf-merch/feed/index.html]
[killtowndeathfest.com/category/news/page/3/index.html]
[killtowndeathfest.com/2018/08/23/321/feed/index.html]
[killtowndeathfest.com/wp-json/oembed/1.0/embeda6b8]
[killtowndeathfest.com/indexa722.html]
[killtowndeathfest.com/wp-json/oembed/1.0/embeda853.json]
[killtowndeathfest.com/2018/07/23/running-order-for-kill-town-death-fest-the-resurrection-6th-9th-sept-2018/feed/index.html]
[killtowndeathfest.com/indexfe50.html]
[killtowndeathfest.com/wp-json/oembed/1.0/embed18a7]
[killtowndeathfest.com/wp-json/oembed/1.0/embed6eb1.json]
[killtowndeathfest.com/indexfa8d.html]
[killtowndeathfest.com/wp-json/oembed/1.0/embed5bb8]
[killtowndeathfest.com/2018/02/14/line-up-poster-announcement/feed/index.html]
[killtowndeathfest.com/index4e57.html]
[killtowndeathfest.com/wp-json/oembed/1.0/embed9b6b.json]
[killtowndeathfest.com/indexc9d1.html]
[killtowndeathfest.com/2018/02/13/announcement-35-incantation-us/feed/index.html]
[killtowndeathfest.com/wp-json/oembed/1.0/embed7615]
[killtowndeathfest.com/wp-json/oembed/1.0/embed500f.json]
[killtowndeathfest.com/index5195.html]
[killtowndeathfest.com/wp-json/oembed/1.0/embedf27e]
[killtowndeathfest.com/index7cc7.html]
[killtowndeathfest.com/wp-json/oembed/1.0/embed6437.json]
[killtowndeathfest.com/2018/02/12/announcement-34-necros-christos-de/feed/index.html]
[killtowndeathfest.com/index0d79.html]
[killtowndeathfest.com/wp-json/oembed/1.0/embede09d]
[killtowndeathfest.com/2018/02/11/announcement-33-mortem-peru-for-the-first-time-in-europe-since-2004/feed/index.html]
[killtowndeathfest.com/indexd379.html]
[killtowndeathfest.com/wp-json/oembed/1.0/embed0789.json]
[killtowndeathfest.com/indexde52.html]
[killtowndeathfest.com/2018/02/10/announcement-32-runemagicks-swe-first-show-since-2005/feed/index.html]
[killtowndeathfest.com/wp-json/oembed/1.0/embed996d]
[killtowndeathfest.com/wp-json/oembed/1.0/embedec7a.json]
[killtowndeathfest.com/2019/01/21/announcement-12-malthusian-irl/index.html]
[killtowndeathfest.com/wp-json/oembed/1.0/embed8292]
[killtowndeathfest.com/news/page/4/index.html]
[killtowndeathfest.com/wp-json/oembed/1.0/embed5986.json]
[killtowndeathfest.com/2018/02/09/announcement-31-first-european-show-ever-of-derketa-us/feed/index.html]
[killtowndeathfest.com/index6a35.html]
[killtowndeathfest.com/wp-json/oembed/1.0/embed668a]
[killtowndeathfest.com/2018/02/08/announcement-29-undergang-dk/feed/index.html]
[killtowndeathfest.com/indexcc08.html]
[killtowndeathfest.com/wp-json/oembed/1.0/embed22f0.json]
[killtowndeathfest.com/indexd073.html]
[killtowndeathfest.com/2018/02/08/ktdf-vi-sold-out/feed/index.html]
[killtowndeathfest.com/wp-json/oembed/1.0/embed6f8d]
[killtowndeathfest.com/wp-json/oembed/1.0/embed2097.json]
[killtowndeathfest.com/index8e0b.html]
[killtowndeathfest.com/wp-json/oembed/1.0/embed57f4]
[killtowndeathfest.com/index8ce5.html]
[killtowndeathfest.com/wp-json/oembed/1.0/embed6b05.json]
[killtowndeathfest.com/2018/02/07/announcement-29-first-euro-show-of-ascended-dead-us-ever/feed/index.html]
[killtowndeathfest.com/index2d25.html]
[killtowndeathfest.com/wp-json/oembed/1.0/embed9325]
[killtowndeathfest.com/2018/02/06/announcement-28-debut-show-of-hyperdontia-tr-dk/feed/index.html]
[killtowndeathfest.com/index28bc.html]
[killtowndeathfest.com/wp-json/oembed/1.0/embed8756]
[killtowndeathfest.com/2018/02/05/announcement-27-sempternal-dusk-us-for-the-first-time-ever-in-europe/index.html]
[killtowndeathfest.com/indexb645.html]
[killtowndeathfest.com/wp-json/oembed/1.0/embede75b.json]
[killtowndeathfest.com/2018/02/04/announcement-26-mortiferum-us-for-the-first-time-ever-in-europe/index.html]
[killtowndeathfest.com/index4c50.html]
[killtowndeathfest.com/2018/02/02/announcement-24-deiquisitor-dk/index.html]
[killtowndeathfest.com/2018/02/03/announcement-25-mefitic-it/index.html]
[killtowndeathfest.com/2019/01/20/announcement-11-first-live-performance-outside-israel-for-kever-il/index.html]
[killtowndeathfest.com/2018/01/31/announcement-21-dead-void-uk-dk/feed/index.html]
[killtowndeathfest.com/2018/02/01/announcement-23-first-european-show-ever-of-fetid-us/index.html]
[killtowndeathfest.com/2019/01/19/announcement-10-first-european-performance-ever-for-suffering-hour-us/index.html]
[killtowndeathfest.com/wp-json/oembed/1.0/embed8aa9.json]
[killtowndeathfest.com/2019/01/18/announcement-9-corpsessed-fin-to-play-ktdf-2019/index.html]
[killtowndeathfest.com/wp-json/oembed/1.0/embed4e8d]
[killtowndeathfest.com/2018/01/30/announcement-21-cadaveric-incubator-fin/feed/index.html]
[killtowndeathfest.com/wp-json/oembed/1.0/embed95d1.json]
[killtowndeathfest.com/2019/01/17/announcement-8-one-off-exclusive-euro-performance-by-mortuous-us/index.html]
[killtowndeathfest.com/wp-json/oembed/1.0/embedc612]
[killtowndeathfest.com/2019/01/16/announcement-7-ignivomous-aus/index.html]
[killtowndeathfest.com/wp-json/oembed/1.0/embed0630.json]
[killtowndeathfest.com/2018/01/29/announcement-20-antiversum-ch/feed/index.html]
[killtowndeathfest.com/2019/01/15/announcement-6-coffins-jp-to-headline-gloomy-sunday/index.html]
[killtowndeathfest.com/wp-json/oembed/1.0/embed7518]
[killtowndeathfest.com/2018/01/28/announcement-19-scolex-us/feed/index.html]
[killtowndeathfest.com/2019/01/14/announcement-5-exclusive-euro-performance-for-antediluvian-can/index.html]
[killtowndeathfest.com/wp-json/oembed/1.0/embed187c.json]
[killtowndeathfest.com/2019/01/13/announcement-4-obliteration/index.html]
[killtowndeathfest.com/2018/01/27/announcement-18-galvanizer-fin/feed/index.html]
[killtowndeathfest.com/wp-json/oembed/1.0/embed2a5a]
[killtowndeathfest.com/wp-json/oembed/1.0/embed480b.json]
[killtowndeathfest.com/2019/01/12/announcement-3-one-off-exclusive-european-performance-for-vastum/index.html]
[killtowndeathfest.com/wp-json/oembed/1.0/embed64d2]
[killtowndeathfest.com/wp-json/oembed/1.0/embed7525.json]
[killtowndeathfest.com/2018/01/26/announcement-17-necrowretch-fr-returns-to-ktdf/feed/index.html]
[killtowndeathfest.com/2019/01/page/3/index.html]
[killtowndeathfest.com/wp-json/oembed/1.0/embedf37b]
[killtowndeathfest.com/2019/01/09/welcome-to-the-updated-kill-town-death-fest-2019-website/index.html]
[killtowndeathfest.com/2018/01/25/annoncement-16-cemetery-urn-aus/feed/index.html]
[killtowndeathfest.com/wp-json/oembed/1.0/embed1d7c.json]
[killtowndeathfest.com/index12d0.html]
[killtowndeathfest.com/2018/01/24/announcement-15-torture-rack-us/feed/index.html]
[killtowndeathfest.com/wp-json/oembed/1.0/embed2245]
[killtowndeathfest.com/index55d4.html]
[killtowndeathfest.com/wp-json/oembed/1.0/embede599.json]
[killtowndeathfest.com/2018/01/23/announcement-14-taphos/feed/index.html]
[killtowndeathfest.com/index0364.html]
[killtowndeathfest.com/wp-json/oembed/1.0/embedd604]
[killtowndeathfest.com/wp-json/oembed/1.0/embedac5d]
[killtowndeathfest.com/index601c.html]
[killtowndeathfest.com/2018/01/22/announcement-13-first-ever-european-live-performance-of-portlands-triumvir-foul/feed/index.html]
[killtowndeathfest.com/wp-json/oembed/1.0/embed64e9.json]
[killtowndeathfest.com/index3e1b.html]
[killtowndeathfest.com/2018/01/21/announcement-12-reptilian-no/index.html]
[killtowndeathfest.com/wp-json/oembed/1.0/embed0fbf]
[killtowndeathfest.com/indexf47a.html]
[killtowndeathfest.com/wp-json/oembed/1.0/embedcaca.json]
[killtowndeathfest.com/2018/01/20/ktdf-on-spotify/index.html]
[killtowndeathfest.com/index8ee7.html]
[killtowndeathfest.com/2018/01/20/announcement-11-spectral-voice-us/index.html]
[killtowndeathfest.com/2018/01/19/announcement-10-wormridden-jp-dk/index.html]
[killtowndeathfest.com/indexef92.html]
[killtowndeathfest.com/2018/01/17/announcement-8-grave-miasma/index.html]
[killtowndeathfest.com/2018/01/18/announcement-9-rippikoulu-fin/index.html]
[killtowndeathfest.com/index4720.html]
[killtowndeathfest.com/2018/01/16/announcement-6-phrenelith-dk/index.html]
[killtowndeathfest.com/2018/01/15/119/index.html]
[killtowndeathfest.com/index52e8.html]
[killtowndeathfest.com/2018/01/13/hooded-menace-to-headline-the-gloomy-sunday/index.html]
[killtowndeathfest.com/2018/01/14/announcement-5-venenum-d/index.html]
[killtowndeathfest.com/indexba86.html]
[killtowndeathfest.com/2018/01/page/3/index.html]
[killtowndeathfest.com/author/ktdf2018/page/4/index.html]
[killtowndeathfest.com/indexe2aa.html]
[killtowndeathfest.com/2019/01/21/announcement-12-malthusian-irl/feed/index.html]
[killtowndeathfest.com/index5b31.html]
[killtowndeathfest.com/wp-json/oembed/1.0/embed1aeb.json]
[killtowndeathfest.com/index7b2c.html]
[killtowndeathfest.com/wp-json/oembed/1.0/embed67a4]
[killtowndeathfest.com/category/news/page/4/index.html]
[killtowndeathfest.com/index45c8.html]
[killtowndeathfest.com/news/page/5/index.html]
[killtowndeathfest.com/2019/01/11/announcement-2-for-the-first-time-in-europe-ever-tomb-mold-can/index.html]
[killtowndeathfest.com/index6543.html]
[killtowndeathfest.com/2019/01/20/announcement-11-first-live-performance-outside-israel-for-kever-il/feed/index.html]
[killtowndeathfest.com/wp-json/oembed/1.0/embed9f85.json]
[killtowndeathfest.com/index7d69.html]
[killtowndeathfest.com/wp-json/oembed/1.0/embed3a62]
[killtowndeathfest.com/2019/01/19/announcement-10-first-european-performance-ever-for-suffering-hour-us/feed/index.html]
[killtowndeathfest.com/2018/02/05/announcement-27-sempternal-dusk-us-for-the-first-time-ever-in-europe/index.html]
[killtowndeathfest.com/wp-json/oembed/1.0/embed8c2b.json]
[killtowndeathfest.com/index03bd.html]
[killtowndeathfest.com/2019/01/18/announcement-9-corpsessed-fin-to-play-ktdf-2019/feed/index.html]
[killtowndeathfest.com/wp-json/oembed/1.0/embed7fef]
[killtowndeathfest.com/wp-json/oembed/1.0/embeda609.json]
[killtowndeathfest.com/2018/02/04/announcement-26-mortiferum-us-for-the-first-time-ever-in-europe/index.html]
[killtowndeathfest.com/wp-json/oembed/1.0/embed89d9]
[killtowndeathfest.com/2018/02/03/announcement-25-mefitic-it/index.html]
[killtowndeathfest.com/wp-json/oembed/1.0/embedf69d.json]
[killtowndeathfest.com/2019/01/17/announcement-8-one-off-exclusive-euro-performance-by-mortuous-us/feed/index.html]
[killtowndeathfest.com/2019/01/16/announcement-7-ignivomous-aus/feed/index.html]
[killtowndeathfest.com/2018/02/02/announcement-24-deiquisitor-dk/index.html]
[killtowndeathfest.com/wp-json/oembed/1.0/embede0cb]
[killtowndeathfest.com/wp-json/oembed/1.0/embed6024]
[killtowndeathfest.com/2018/02/01/announcement-23-first-european-show-ever-of-fetid-us/index.html]
[killtowndeathfest.com/wp-json/oembed/1.0/embedbc22.json]
[killtowndeathfest.com/indexba1b.html]
[killtowndeathfest.com/wp-json/oembed/1.0/embede650.json]
[killtowndeathfest.com/2019/01/15/announcement-6-coffins-jp-to-headline-gloomy-sunday/feed/index.html]
[killtowndeathfest.com/indexe4c6.html]
[killtowndeathfest.com/2019/01/14/announcement-5-exclusive-euro-performance-for-antediluvian-can/feed/index.html]
[killtowndeathfest.com/wp-json/oembed/1.0/embed58ac]
[killtowndeathfest.com/indexc140.html]
[killtowndeathfest.com/wp-json/oembed/1.0/embed1484.json]
[killtowndeathfest.com/index5721.html]
[killtowndeathfest.com/2019/01/13/announcement-4-obliteration/feed/index.html]
[killtowndeathfest.com/wp-json/oembed/1.0/embedcf2c]
[killtowndeathfest.com/wp-json/oembed/1.0/embedb595.json]
[killtowndeathfest.com/indexc8fa.html]
[killtowndeathfest.com/wp-json/oembed/1.0/embed3453]
[killtowndeathfest.com/index261b.html]
[killtowndeathfest.com/wp-json/oembed/1.0/embed9ea0.json]
[killtowndeathfest.com/2019/01/12/announcement-3-one-off-exclusive-european-performance-for-vastum/feed/index.html]
[killtowndeathfest.com/indexe8f5.html]
[killtowndeathfest.com/wp-json/oembed/1.0/embed8e5b]
[killtowndeathfest.com/2019/01/11/ktdf-2019-sold-out-rant/index.html]
[killtowndeathfest.com/index0325.html]
[killtowndeathfest.com/2019/01/10/presale-update/index.html]
[killtowndeathfest.com/2019/01/10/ktdf-2019-sold-out-in-8-hours/index.html]
[killtowndeathfest.com/index5e74.html]
[killtowndeathfest.com/2019/01/10/presale-goes-up-at-12-00-cet/index.html]
[killtowndeathfest.com/2019/01/10/presale-and-first-band-announcement-up/index.html]
[killtowndeathfest.com/2018/01/21/announcement-12-reptilian-no/index.html]
[killtowndeathfest.com/2019/01/09/presale-starts-thursday-10th-jan-12-00-cet/index.html]
[killtowndeathfest.com/2019/01/09/kill-town-death-fest-vii-the-decompomorphosis-announcement/index.html]
[killtowndeathfest.com/index8e01.html]
[killtowndeathfest.com/2019/01/09/welcome-to-the-updated-kill-town-death-fest-2019-website/feed/index.html]
[killtowndeathfest.com/wp-json/oembed/1.0/embed13c1]
[killtowndeathfest.com/2018/01/20/ktdf-on-spotify/index.html]
[killtowndeathfest.com/wp-json/oembed/1.0/embedef0b.json]
[killtowndeathfest.com/2018/02/05/announcement-27-sempternal-dusk-us-for-the-first-time-ever-in-europe/feed/index.html]
[killtowndeathfest.com/2018/01/20/announcement-11-spectral-voice-us/index.html]
[killtowndeathfest.com/wp-json/oembed/1.0/embed56bf.json]
[killtowndeathfest.com/2018/02/04/announcement-26-mortiferum-us-for-the-first-time-ever-in-europe/feed/index.html]
[killtowndeathfest.com/2018/01/19/announcement-10-wormridden-jp-dk/index.html]
[killtowndeathfest.com/wp-json/oembed/1.0/embedb950]
[killtowndeathfest.com/wp-json/oembed/1.0/embed1440.json]
[killtowndeathfest.com/2018/01/18/announcement-9-rippikoulu-fin/index.html]
[killtowndeathfest.com/wp-json/oembed/1.0/embed82c2]
[killtowndeathfest.com/2018/02/03/announcement-25-mefitic-it/feed/index.html]
[killtowndeathfest.com/2018/01/17/announcement-8-grave-miasma/index.html]
[killtowndeathfest.com/wp-json/oembed/1.0/embed7447.json]
[killtowndeathfest.com/2018/01/16/announcement-6-phrenelith-dk/index.html]
[killtowndeathfest.com/2018/02/02/announcement-24-deiquisitor-dk/feed/index.html]
[killtowndeathfest.com/wp-json/oembed/1.0/embedb7cc]
[killtowndeathfest.com/wp-json/oembed/1.0/embed399e]
[killtowndeathfest.com/2018/01/15/119/index.html]
[killtowndeathfest.com/wp-json/oembed/1.0/embed6cce.json]
[killtowndeathfest.com/2018/01/14/announcement-5-venenum-d/index.html]
[killtowndeathfest.com/wp-json/oembed/1.0/embed2f10.json]
[killtowndeathfest.com/2018/02/01/announcement-23-first-european-show-ever-of-fetid-us/feed/index.html]
[killtowndeathfest.com/2018/01/13/hooded-menace-to-headline-the-gloomy-sunday/index.html]
[killtowndeathfest.com/wp-json/oembed/1.0/embede427]
[killtowndeathfest.com/2018/01/21/announcement-12-reptilian-no/feed/index.html]
[killtowndeathfest.com/2018/01/page/3/index.html]
[killtowndeathfest.com/wp-json/oembed/1.0/embed00c9.json]
[killtowndeathfest.com/author/ktdf2018/page/4/index.html]
[killtowndeathfest.com/2018/01/20/ktdf-on-spotify/feed/index.html]
[killtowndeathfest.com/wp-json/oembed/1.0/embed4ae1]
[killtowndeathfest.com/wp-json/oembed/1.0/embed6829.json]
[killtowndeathfest.com/category/news/page/4/index.html]
[killtowndeathfest.com/wp-json/oembed/1.0/embedf89d]
[killtowndeathfest.com/index5657.html]
[killtowndeathfest.com/wp-json/oembed/1.0/embedd8db.json]
[killtowndeathfest.com/2018/01/20/announcement-11-spectral-voice-us/feed/index.html]
[killtowndeathfest.com/wp-json/oembed/1.0/embed74dc]
[killtowndeathfest.com/2019/01/11/announcement-2-for-the-first-time-in-europe-ever-tomb-mold-can/index.html]
[killtowndeathfest.com/2018/01/19/announcement-10-wormridden-jp-dk/feed/index.html]
[killtowndeathfest.com/wp-json/oembed/1.0/embed61f9.json]
[killtowndeathfest.com/news/page/5/index.html]
[killtowndeathfest.com/wp-json/oembed/1.0/embedfe5b]
[killtowndeathfest.com/index01a2.html]
[killtowndeathfest.com/wp-json/oembed/1.0/embede32a.json]
[killtowndeathfest.com/2018/01/18/announcement-9-rippikoulu-fin/feed/index.html]
[killtowndeathfest.com/indexa040.html]
[killtowndeathfest.com/wp-json/oembed/1.0/embed4ae6]
[killtowndeathfest.com/2018/01/17/announcement-8-grave-miasma/feed/index.html]
[killtowndeathfest.com/indexbbbc.html]
[killtowndeathfest.com/wp-json/oembed/1.0/embed34ef.json]
[killtowndeathfest.com/2018/01/16/announcement-6-phrenelith-dk/feed/index.html]
[killtowndeathfest.com/wp-json/oembed/1.0/embed436f]
[killtowndeathfest.com/index6595.html]
[killtowndeathfest.com/wp-json/oembed/1.0/embedcd8f]
[killtowndeathfest.com/index6353.html]
[killtowndeathfest.com/wp-json/oembed/1.0/embed187a.json]
[killtowndeathfest.com/2018/01/15/119/feed/index.html]
[killtowndeathfest.com/wp-json/oembed/1.0/embed1585]
[killtowndeathfest.com/index42fe.html]
[killtowndeathfest.com/wp-json/oembed/1.0/embed01b8.json]
[killtowndeathfest.com/indexdf01.html]
[killtowndeathfest.com/wp-json/oembed/1.0/embedbd21.json]
[killtowndeathfest.com/2018/01/14/announcement-5-venenum-d/feed/index.html]
[killtowndeathfest.com/index88c3.html]
[killtowndeathfest.com/wp-json/oembed/1.0/embedbe02]
[killtowndeathfest.com/2018/01/13/hooded-menace-to-headline-the-gloomy-sunday/feed/index.html]
[killtowndeathfest.com/index007a.html]
[killtowndeathfest.com/2018/01/12/pissgrave-us-to-hit-ktdf-as-3rd-announcement/index.html]
[killtowndeathfest.com/wp-json/oembed/1.0/embed0808.json]
[killtowndeathfest.com/2019/01/11/ktdf-2019-sold-out-rant/index.html]
[killtowndeathfest.com/wp-json/oembed/1.0/embedc2a7]
[killtowndeathfest.com/2018/01/11/necrot-to-play-first-ever-european-show-at-ktdf-vi/index.html]
[killtowndeathfest.com/2019/01/10/ktdf-2019-sold-out-in-8-hours/index.html]
[killtowndeathfest.com/2018/01/10/73/index.html]
[killtowndeathfest.com/2018/01/10/77/index.html]
[killtowndeathfest.com/2019/01/10/presale-update/index.html]
[killtowndeathfest.com/author/ktdf2018/page/5/index.html]
[killtowndeathfest.com/2018/01/10/kill-town-death-fest-vi-the-resurrection/index.html]
[killtowndeathfest.com/2019/01/10/presale-and-first-band-announcement-up/index.html]
[killtowndeathfest.com/2019/01/11/announcement-2-for-the-first-time-in-europe-ever-tomb-mold-can/feed/index.html]
[killtowndeathfest.com/wp-json/oembed/1.0/embedf31a.json]
[killtowndeathfest.com/2019/01/10/presale-goes-up-at-12-00-cet/index.html]
[killtowndeathfest.com/category/news/page/5/index.html]
[killtowndeathfest.com/2019/01/09/presale-starts-thursday-10th-jan-12-00-cet/index.html]
[killtowndeathfest.com/news/page/6/index.html]
[killtowndeathfest.com/wp-json/oembed/1.0/embed90a1]
[killtowndeathfest.com/2019/01/11/ktdf-2019-sold-out-rant/feed/index.html]
[killtowndeathfest.com/2019/01/09/kill-town-death-fest-vii-the-decompomorphosis-announcement/index.html]
[killtowndeathfest.com/wp-json/oembed/1.0/embed2a96.json]
[killtowndeathfest.com/indexf1ac.html]
[killtowndeathfest.com/wp-json/oembed/1.0/embed10be]
[killtowndeathfest.com/2019/01/10/ktdf-2019-sold-out-in-8-hours/feed/index.html]
[killtowndeathfest.com/wp-json/oembed/1.0/embedae4d]
[killtowndeathfest.com/indexa943.html]
[killtowndeathfest.com/wp-json/oembed/1.0/embedf57c.json]
[killtowndeathfest.com/index03e1.html]
[killtowndeathfest.com/wp-json/oembed/1.0/embed8598.json]
[killtowndeathfest.com/2019/01/10/presale-update/feed/index.html]
[killtowndeathfest.com/index9873.html]
[killtowndeathfest.com/wp-json/oembed/1.0/embeded91]
[killtowndeathfest.com/2019/01/10/presale-and-first-band-announcement-up/feed/index.html]
[killtowndeathfest.com/wp-json/oembed/1.0/embedeabc.json]
[killtowndeathfest.com/indexfa80.html]
[killtowndeathfest.com/wp-json/oembed/1.0/embeda185.json]
[killtowndeathfest.com/index156c.html]
[killtowndeathfest.com/2019/01/10/presale-goes-up-at-12-00-cet/feed/index.html]
[killtowndeathfest.com/wp-json/oembed/1.0/embed5948]
[killtowndeathfest.com/indexbbc7.html]
[killtowndeathfest.com/wp-json/oembed/1.0/embeda659]
[killtowndeathfest.com/2019/01/09/presale-starts-thursday-10th-jan-12-00-cet/feed/index.html]
[killtowndeathfest.com/wp-json/oembed/1.0/embed7fcc.json]
[killtowndeathfest.com/index5791.html]
[killtowndeathfest.com/wp-json/oembed/1.0/embed1431.json]
[killtowndeathfest.com/index87e6.html]
[killtowndeathfest.com/index421d.html]
[killtowndeathfest.com/indexb4d2.html]
[killtowndeathfest.com/index31a3.html]
[killtowndeathfest.com/index5070.html]
[killtowndeathfest.com/index7737.html]
[killtowndeathfest.com/index5f87.html]
[killtowndeathfest.com/2018/01/12/pissgrave-us-to-hit-ktdf-as-3rd-announcement/index.html]
[killtowndeathfest.com/2019/01/09/kill-town-death-fest-vii-the-decompomorphosis-announcement/feed/index.html]
[killtowndeathfest.com/wp-json/oembed/1.0/embedb4c0]
[killtowndeathfest.com/index9430.html]
[killtowndeathfest.com/wp-json/oembed/1.0/embed8667]
[killtowndeathfest.com/2018/01/12/pissgrave-us-to-hit-ktdf-as-3rd-announcement/feed/index.html]
[killtowndeathfest.com/2018/01/11/necrot-to-play-first-ever-european-show-at-ktdf-vi/index.html]
[killtowndeathfest.com/wp-json/oembed/1.0/embed2390.json]
[killtowndeathfest.com/2018/01/10/77/index.html]
[killtowndeathfest.com/2018/01/11/necrot-to-play-first-ever-european-show-at-ktdf-vi/feed/index.html]
[killtowndeathfest.com/wp-json/oembed/1.0/embed0e0b]
[killtowndeathfest.com/2018/01/10/73/index.html]
[killtowndeathfest.com/wp-json/oembed/1.0/embed0a06]
[killtowndeathfest.com/wp-json/oembed/1.0/embedf332.json]
[killtowndeathfest.com/2018/01/10/kill-town-death-fest-vi-the-resurrection/index.html]
[killtowndeathfest.com/2018/01/10/77/feed/index.html]
[killtowndeathfest.com/wp-json/oembed/1.0/embed5878.json]
[killtowndeathfest.com/author/ktdf2018/page/5/index.html]
[killtowndeathfest.com/wp-json/oembed/1.0/embed3053]
[killtowndeathfest.com/2018/01/10/73/feed/index.html]
[killtowndeathfest.com/wp-json/oembed/1.0/embed80f4.json]
[killtowndeathfest.com/category/news/page/5/index.html]
[killtowndeathfest.com/wp-json/oembed/1.0/embed3bc2.json]
[killtowndeathfest.com/index17d3.html]
[killtowndeathfest.com/2018/01/10/kill-town-death-fest-vi-the-resurrection/feed/index.html]
[killtowndeathfest.com/wp-json/oembed/1.0/embed3607]
[killtowndeathfest.com/news/page/6/index.html]
[killtowndeathfest.com/wp-json/oembed/1.0/embedd5ee]
[killtowndeathfest.com/author/ktdf2018/page/6/index.html]
[killtowndeathfest.com/index24eb.html]
[killtowndeathfest.com/index5604.html]
[killtowndeathfest.com/index0ed6.html]
[killtowndeathfest.com/indexffa6.html]
[killtowndeathfest.com/index2d8c.html]
[killtowndeathfest.com/indexc351.html]
[killtowndeathfest.com/index1caa.html]
[killtowndeathfest.com/index5eda.html]
[killtowndeathfest.com/index55e4.html]
[killtowndeathfest.com/indexb135.html]
[killtowndeathfest.com/index8cae.html]
[killtowndeathfest.com/index49b1.html]
[killtowndeathfest.com/author/ktdf2018/page/6/index.html]
[killtowndeathfest.com/news/page/7/index.html]
[killtowndeathfest.com/category/news/page/6/index.html]
[killtowndeathfest.com/category/news/page/6/index.html]
[killtowndeathfest.com/news/page/7/index.html]
[killtowndeathfest.com/author/ktdf2018/page/7/index.html]
[killtowndeathfest.com/author/ktdf2018/page/7/index.html]
[killtowndeathfest.com/category/news/page/7/index.html]
[killtowndeathfest.com/news/page/8/index.html]
[killtowndeathfest.com/category/news/page/7/index.html]
[killtowndeathfest.com/news/page/8/index.html]
[killtowndeathfest.com/author/ktdf2018/page/8/index.html]
[killtowndeathfest.com/author/ktdf2018/page/8/index.html]
[killtowndeathfest.com/news/page/9/index.html]
[killtowndeathfest.com/category/news/page/8/index.html]
[killtowndeathfest.com/category/news/page/8/index.html]
[killtowndeathfest.com/news/page/9/index.html]
[killtowndeathfest.com/author/ktdf2018/page/9/index.html]
[killtowndeathfest.com/author/ktdf2018/page/9/index.html]
[killtowndeathfest.com/news/page/10/index.html]
[killtowndeathfest.com/category/news/page/9/index.html]
[killtowndeathfest.com/author/ktdf2018/page/10/index.html]
[killtowndeathfest.com/category/news/page/9/index.html]
[killtowndeathfest.com/news/page/10/index.html]
[killtowndeathfest.com/author/ktdf2018/page/10/index.html]
[killtowndeathfest.com/category/news/page/10/index.html]
[killtowndeathfest.com/category/news/page/10/index.html]
